// Jest Snapshot v1, https://goo.gl/fbAQLP

exports[`module2 print 1`] = `"hello world"`;
